// Jest Snapshot v1, https://goo.gl/fbAQLP

exports[`<Button/> Should match snapshot 1`] = `
NodeList [
  <button
    class="btn"
    disabled=""
  >
    load more
  </button>,
]
`;
